// Jest Snapshot v1, https://goo.gl/fbAQLP

exports[`should render Input correctly 1`] = `
<div>
  <div
    class="input"
  >
    <p
      class="title"
    />
    <div
      class="input-wrap"
    >
      <input
        data-testid="date-picker"
        type="date"
        value=""
      />
      <div
        class="reset-button disabled"
      >
        <p>
          reset date
        </p>
      </div>
    </div>
  </div>
</div>
`;
